// Jest Snapshot v1, https://goo.gl/fbAQLP

exports[`#getPooled throws if rootMargin cannot be parsed 1`] = `"rootMargin must be a string literal containing pixels and/or percent values"`;
